org\example\springboot\entity\TagType.class
org\example\springboot\mapper\TicketOrderMapper.class
org\example\springboot\service\AccommodationOrderService.class
org\example\springboot\service\impl\RestaurantServiceImpl.class
org\example\springboot\controller\CarouselController.class
org\example\springboot\mapper\ScenicCategoryMapper.class
org\example\springboot\AiService\DeepSeekService$ToolExecutor.class
org\example\springboot\exception\GlobalExceptionHandler.class
org\example\springboot\service\RestaurantOrderService.class
org\example\springboot\mapper\AccommodationMapper.class
org\example\springboot\controller\CollectionController.class
org\example\springboot\service\CommentService.class
org\example\springboot\entity\Carousel.class
org\example\springboot\common\ResultCode.class
org\example\springboot\service\TicketOrderService.class
org\example\springboot\controller\UserController.class
org\example\springboot\entity\AccommodationOrder.class
org\example\springboot\service\impl\TagTypeServiceImpl.class
org\example\springboot\exception\ServiceException.class
org\example\springboot\controller\email\SendSmsController.class
org\example\springboot\mapper\TagTypeMapper.class
org\example\springboot\aspect\RedisCacheAspect.class
org\example\springboot\controller\BusinessLicenseController.class
org\example\springboot\DTO\UserPasswordUpdateDTO.class
org\example\springboot\mapper\RestaurantOrderMapper.class
org\example\springboot\DTO\response\AccommodationOrderDTO.class
org\example\springboot\controller\CollaborativeFilteringController.class
org\example\springboot\service\impl\UnifiedOrderServiceImpl.class
org\example\springboot\controller\TicketController.class
org\example\springboot\DTO\response\TicketResponseDTO.class
org\example\springboot\enumClass\FileType.class
org\example\springboot\service\TagTypeService.class
org\example\springboot\controller\TravelGuideController.class
org\example\springboot\mapper\UserMapper.class
org\example\springboot\controller\RestaurantReviewController.class
org\example\springboot\entity\Notification.class
org\example\springboot\entity\Ticket.class
org\example\springboot\service\CollectionService.class
org\example\springboot\common\Result.class
org\example\springboot\AiService\StructOutPut$RecommendationList.class
org\example\springboot\controller\TagTypeController.class
org\example\springboot\config\ChatClientConfig.class
org\example\springboot\service\RestaurantReviewService.class
org\example\springboot\service\FileService.class
org\example\springboot\controller\AccommodationController.class
org\example\springboot\entity\TicketOrder.class
org\example\springboot\entity\ScenicCategory.class
org\example\springboot\service\UserService.class
org\example\springboot\service\RecommendationResultService.class
org\example\springboot\service\ScenicCollectionService.class
org\example\springboot\service\BusinessLicenseService.class
org\example\springboot\AiService\Tools.class
org\example\springboot\mapper\CommentMapper.class
org\example\springboot\mapper\RestaurantReviewMapper$RatingStat.class
org\example\springboot\service\impl\AccommodationOrderServiceImpl.class
org\example\springboot\mapper\AccommodationOrderMapper.class
org\example\springboot\mapper\CarouselMapper.class
org\example\springboot\util\JwtTokenUtils.class
org\example\springboot\entity\ScenicSpot.class
org\example\springboot\config\JwtInterceptor.class
org\example\springboot\mapper\AiChatMessageMapper.class
org\example\springboot\annotation\RedisCache.class
org\example\springboot\entity\AiChatSession.class
org\example\springboot\entity\ScenicCollection.class
org\example\springboot\controller\AlipayController.class
org\example\springboot\DTO\EmailMessageDTO.class
org\example\springboot\enumClass\AccountStatus.class
org\example\springboot\AiService\StructOutPut$EnrichedRecommendationList.class
org\example\springboot\controller\RedisTestController.class
org\example\springboot\config\JacksonConfig.class
org\example\springboot\entity\AccommodationCollection.class
org\example\springboot\entity\Collection.class
org\example\springboot\service\AccommodationService.class
org\example\springboot\mapper\ScenicCollectionMapper.class
org\example\springboot\service\CommentLikeService.class
org\example\springboot\entity\Restaurant.class
org\example\springboot\service\AiChatSessionService.class
org\example\springboot\service\ScenicSpotService.class
org\example\springboot\AiService\PromptManage.class
org\example\springboot\config\RedisConfig.class
org\example\springboot\service\AccommodationCollectionService.class
org\example\springboot\entity\RestaurantReview.class
org\example\springboot\config\Knife4jConfig.class
org\example\springboot\service\AccommodationReviewService.class
org\example\springboot\SpringbootApplication.class
org\example\springboot\config\WebConfig.class
org\example\springboot\service\impl\NotificationServiceImpl.class
org\example\springboot\config\MybatisPlusConfig.class
org\example\springboot\AiService\StructOutPut$SimpleRecommendation.class
org\example\springboot\entity\BusinessLicense.class
org\example\springboot\AiService\ScenicRecommendationService.class
org\example\springboot\AiService\StructOutPut$ChatMessage.class
org\example\springboot\service\impl\RestaurantOrderServiceImpl.class
org\example\springboot\service\ScenicCategoryService.class
org\example\springboot\service\UserDetailServiceImpl.class
org\example\springboot\controller\NotificationController.class
org\example\springboot\mapper\CommentLikeMapper.class
org\example\springboot\service\TravelGuideService.class
org\example\springboot\config\AlipayConfig.class
org\example\springboot\util\FileUtil.class
org\example\springboot\controller\AiRecommendationController.class
org\example\springboot\entity\RestaurantCollection.class
org\example\springboot\mapper\CollectionMapper.class
org\example\springboot\AiService\DeepSeekService.class
org\example\springboot\service\AlipayService.class
org\example\springboot\service\CollaborativeFilteringService.class
org\example\springboot\AiService\StructOutPut$ChatSession.class
org\example\springboot\controller\FileController.class
org\example\springboot\mapper\TravelGuideMapper.class
org\example\springboot\service\NotificationService.class
org\example\springboot\AiService\StructOutPut.class
org\example\springboot\controller\AccommodationOrderController.class
org\example\springboot\controller\StatisticsController.class
org\example\springboot\mapper\BusinessLicenseMapper.class
org\example\springboot\mapper\RestaurantReviewMapper.class
org\example\springboot\service\impl\AccommodationCollectionServiceImpl.class
org\example\springboot\controller\SearchController.class
org\example\springboot\mapper\ScenicSpotMapper.class
org\example\springboot\controller\ScenicCategoryController.class
org\example\springboot\config\LocalDateTimeConfig.class
org\example\springboot\service\EmailService.class
org\example\springboot\controller\email\SendSmsController$CodeInfo.class
org\example\springboot\entity\AccommodationReview.class
org\example\springboot\service\impl\CarouselServiceImpl.class
org\example\springboot\controller\RestaurantController.class
org\example\springboot\config\MyInterceptorConfig.class
org\example\springboot\entity\Accommodation.class
org\example\springboot\entity\Comment.class
org\example\springboot\mapper\RestaurantMapper.class
org\example\springboot\ai\DeepSeekConfig.class
org\example\springboot\entity\TravelGuide.class
org\example\springboot\service\impl\RestaurantReviewServiceImpl.class
org\example\springboot\util\RedisUtil.class
org\example\springboot\controller\CommentController.class
org\example\springboot\controller\AccommodationReviewController.class
org\example\springboot\DTO\response\UnifiedOrderDTO.class
org\example\springboot\entity\CommentLike.class
org\example\springboot\util\DateUtils.class
org\example\springboot\DTO\OrderMessageDTO.class
org\example\springboot\entity\AiChatMessage.class
org\example\springboot\controller\ScenicCollectionController.class
org\example\springboot\mapper\NotificationMapper.class
org\example\springboot\config\SecurityConfig.class
org\example\springboot\entity\RestaurantOrder.class
org\example\springboot\mapper\AiChatSessionMapper.class
org\example\springboot\mapper\RestaurantCollectionMapper.class
org\example\springboot\service\impl\StatisticsServiceImpl.class
org\example\springboot\controller\email\SendEmailController.class
org\example\springboot\controller\ScenicSpotController.class
org\example\springboot\service\CarouselService.class
org\example\springboot\service\StatisticsService.class
org\example\springboot\controller\AiRecommendationController$RecommendationRequest.class
org\example\springboot\service\UnifiedOrderService.class
org\example\springboot\util\RedisLockUtil.class
org\example\springboot\entity\User.class
org\example\springboot\mapper\AccommodationReviewMapper.class
org\example\springboot\controller\UnifiedOrderController.class
org\example\springboot\mapper\TicketMapper.class
org\example\springboot\service\TicketService.class
org\example\springboot\AiService\StructOutPut$EnrichedRecommendation.class
org\example\springboot\controller\RestaurantOrderController.class
org\example\springboot\mapper\AccommodationCollectionMapper.class
org\example\springboot\service\RestaurantService.class
org\example\springboot\controller\TicketOrderController.class
