D:\tourism system\springboot\src\main\java\org\example\springboot\AiService\DeepSeekConfig.java
D:\tourism system\springboot\src\main\java\org\example\springboot\AiService\DeepSeekService.java
D:\tourism system\springboot\src\main\java\org\example\springboot\AiService\PromptManage.java
D:\tourism system\springboot\src\main\java\org\example\springboot\AiService\ScenicRecommendationService.java
D:\tourism system\springboot\src\main\java\org\example\springboot\AiService\StructOutPut.java
D:\tourism system\springboot\src\main\java\org\example\springboot\AiService\Tools.java
D:\tourism system\springboot\src\main\java\org\example\springboot\annotation\RedisCache.java
D:\tourism system\springboot\src\main\java\org\example\springboot\aspect\RedisCacheAspect.java
D:\tourism system\springboot\src\main\java\org\example\springboot\common\Result.java
D:\tourism system\springboot\src\main\java\org\example\springboot\common\ResultCode.java
D:\tourism system\springboot\src\main\java\org\example\springboot\config\AlipayConfig.java
D:\tourism system\springboot\src\main\java\org\example\springboot\config\ChatClientConfig.java
D:\tourism system\springboot\src\main\java\org\example\springboot\config\JacksonConfig.java
D:\tourism system\springboot\src\main\java\org\example\springboot\config\JwtInterceptor.java
D:\tourism system\springboot\src\main\java\org\example\springboot\config\Knife4jConfig.java
D:\tourism system\springboot\src\main\java\org\example\springboot\config\LocalDateTimeConfig.java
D:\tourism system\springboot\src\main\java\org\example\springboot\config\MybatisPlusConfig.java
D:\tourism system\springboot\src\main\java\org\example\springboot\config\MyInterceptorConfig.java
D:\tourism system\springboot\src\main\java\org\example\springboot\config\RedisConfig.java
D:\tourism system\springboot\src\main\java\org\example\springboot\config\SecurityConfig.java
D:\tourism system\springboot\src\main\java\org\example\springboot\config\WebConfig.java
D:\tourism system\springboot\src\main\java\org\example\springboot\controller\AccommodationController.java
D:\tourism system\springboot\src\main\java\org\example\springboot\controller\AccommodationOrderController.java
D:\tourism system\springboot\src\main\java\org\example\springboot\controller\AccommodationReviewController.java
D:\tourism system\springboot\src\main\java\org\example\springboot\controller\AiRecommendationController.java
D:\tourism system\springboot\src\main\java\org\example\springboot\controller\AlipayController.java
D:\tourism system\springboot\src\main\java\org\example\springboot\controller\BusinessLicenseController.java
D:\tourism system\springboot\src\main\java\org\example\springboot\controller\CarouselController.java
D:\tourism system\springboot\src\main\java\org\example\springboot\controller\CollaborativeFilteringController.java
D:\tourism system\springboot\src\main\java\org\example\springboot\controller\CollectionController.java
D:\tourism system\springboot\src\main\java\org\example\springboot\controller\CommentController.java
D:\tourism system\springboot\src\main\java\org\example\springboot\controller\email\SendEmailController.java
D:\tourism system\springboot\src\main\java\org\example\springboot\controller\email\SendSmsController.java
D:\tourism system\springboot\src\main\java\org\example\springboot\controller\FileController.java
D:\tourism system\springboot\src\main\java\org\example\springboot\controller\NotificationController.java
D:\tourism system\springboot\src\main\java\org\example\springboot\controller\RedisTestController.java
D:\tourism system\springboot\src\main\java\org\example\springboot\controller\RestaurantController.java
D:\tourism system\springboot\src\main\java\org\example\springboot\controller\RestaurantOrderController.java
D:\tourism system\springboot\src\main\java\org\example\springboot\controller\RestaurantReviewController.java
D:\tourism system\springboot\src\main\java\org\example\springboot\controller\ScenicCategoryController.java
D:\tourism system\springboot\src\main\java\org\example\springboot\controller\ScenicCollectionController.java
D:\tourism system\springboot\src\main\java\org\example\springboot\controller\ScenicSpotController.java
D:\tourism system\springboot\src\main\java\org\example\springboot\controller\SearchController.java
D:\tourism system\springboot\src\main\java\org\example\springboot\controller\StatisticsController.java
D:\tourism system\springboot\src\main\java\org\example\springboot\controller\TagTypeController.java
D:\tourism system\springboot\src\main\java\org\example\springboot\controller\TicketController.java
D:\tourism system\springboot\src\main\java\org\example\springboot\controller\TicketOrderController.java
D:\tourism system\springboot\src\main\java\org\example\springboot\controller\TravelGuideController.java
D:\tourism system\springboot\src\main\java\org\example\springboot\controller\UnifiedOrderController.java
D:\tourism system\springboot\src\main\java\org\example\springboot\controller\UserController.java
D:\tourism system\springboot\src\main\java\org\example\springboot\DTO\EmailMessageDTO.java
D:\tourism system\springboot\src\main\java\org\example\springboot\DTO\OrderMessageDTO.java
D:\tourism system\springboot\src\main\java\org\example\springboot\DTO\response\AccommodationOrderDTO.java
D:\tourism system\springboot\src\main\java\org\example\springboot\DTO\response\TicketResponseDTO.java
D:\tourism system\springboot\src\main\java\org\example\springboot\DTO\response\UnifiedOrderDTO.java
D:\tourism system\springboot\src\main\java\org\example\springboot\DTO\UserPasswordUpdateDTO.java
D:\tourism system\springboot\src\main\java\org\example\springboot\entity\Accommodation.java
D:\tourism system\springboot\src\main\java\org\example\springboot\entity\AccommodationCollection.java
D:\tourism system\springboot\src\main\java\org\example\springboot\entity\AccommodationOrder.java
D:\tourism system\springboot\src\main\java\org\example\springboot\entity\AccommodationReview.java
D:\tourism system\springboot\src\main\java\org\example\springboot\entity\AiChatMessage.java
D:\tourism system\springboot\src\main\java\org\example\springboot\entity\AiChatSession.java
D:\tourism system\springboot\src\main\java\org\example\springboot\entity\BusinessLicense.java
D:\tourism system\springboot\src\main\java\org\example\springboot\entity\Carousel.java
D:\tourism system\springboot\src\main\java\org\example\springboot\entity\Collection.java
D:\tourism system\springboot\src\main\java\org\example\springboot\entity\Comment.java
D:\tourism system\springboot\src\main\java\org\example\springboot\entity\CommentLike.java
D:\tourism system\springboot\src\main\java\org\example\springboot\entity\Notification.java
D:\tourism system\springboot\src\main\java\org\example\springboot\entity\Restaurant.java
D:\tourism system\springboot\src\main\java\org\example\springboot\entity\RestaurantCollection.java
D:\tourism system\springboot\src\main\java\org\example\springboot\entity\RestaurantOrder.java
D:\tourism system\springboot\src\main\java\org\example\springboot\entity\RestaurantReview.java
D:\tourism system\springboot\src\main\java\org\example\springboot\entity\ScenicCategory.java
D:\tourism system\springboot\src\main\java\org\example\springboot\entity\ScenicCollection.java
D:\tourism system\springboot\src\main\java\org\example\springboot\entity\ScenicSpot.java
D:\tourism system\springboot\src\main\java\org\example\springboot\entity\TagType.java
D:\tourism system\springboot\src\main\java\org\example\springboot\entity\Ticket.java
D:\tourism system\springboot\src\main\java\org\example\springboot\entity\TicketOrder.java
D:\tourism system\springboot\src\main\java\org\example\springboot\entity\TravelGuide.java
D:\tourism system\springboot\src\main\java\org\example\springboot\entity\User.java
D:\tourism system\springboot\src\main\java\org\example\springboot\enumClass\AccountStatus.java
D:\tourism system\springboot\src\main\java\org\example\springboot\enumClass\FileType.java
D:\tourism system\springboot\src\main\java\org\example\springboot\exception\GlobalExceptionHandler.java
D:\tourism system\springboot\src\main\java\org\example\springboot\exception\ServiceException.java
D:\tourism system\springboot\src\main\java\org\example\springboot\mapper\AccommodationCollectionMapper.java
D:\tourism system\springboot\src\main\java\org\example\springboot\mapper\AccommodationMapper.java
D:\tourism system\springboot\src\main\java\org\example\springboot\mapper\AccommodationOrderMapper.java
D:\tourism system\springboot\src\main\java\org\example\springboot\mapper\AccommodationReviewMapper.java
D:\tourism system\springboot\src\main\java\org\example\springboot\mapper\AiChatMessageMapper.java
D:\tourism system\springboot\src\main\java\org\example\springboot\mapper\AiChatSessionMapper.java
D:\tourism system\springboot\src\main\java\org\example\springboot\mapper\BusinessLicenseMapper.java
D:\tourism system\springboot\src\main\java\org\example\springboot\mapper\CarouselMapper.java
D:\tourism system\springboot\src\main\java\org\example\springboot\mapper\CollectionMapper.java
D:\tourism system\springboot\src\main\java\org\example\springboot\mapper\CommentLikeMapper.java
D:\tourism system\springboot\src\main\java\org\example\springboot\mapper\CommentMapper.java
D:\tourism system\springboot\src\main\java\org\example\springboot\mapper\NotificationMapper.java
D:\tourism system\springboot\src\main\java\org\example\springboot\mapper\RestaurantCollectionMapper.java
D:\tourism system\springboot\src\main\java\org\example\springboot\mapper\RestaurantMapper.java
D:\tourism system\springboot\src\main\java\org\example\springboot\mapper\RestaurantOrderMapper.java
D:\tourism system\springboot\src\main\java\org\example\springboot\mapper\RestaurantReviewMapper.java
D:\tourism system\springboot\src\main\java\org\example\springboot\mapper\ScenicCategoryMapper.java
D:\tourism system\springboot\src\main\java\org\example\springboot\mapper\ScenicCollectionMapper.java
D:\tourism system\springboot\src\main\java\org\example\springboot\mapper\ScenicSpotMapper.java
D:\tourism system\springboot\src\main\java\org\example\springboot\mapper\TagTypeMapper.java
D:\tourism system\springboot\src\main\java\org\example\springboot\mapper\TicketMapper.java
D:\tourism system\springboot\src\main\java\org\example\springboot\mapper\TicketOrderMapper.java
D:\tourism system\springboot\src\main\java\org\example\springboot\mapper\TravelGuideMapper.java
D:\tourism system\springboot\src\main\java\org\example\springboot\mapper\UserMapper.java
D:\tourism system\springboot\src\main\java\org\example\springboot\service\AccommodationCollectionService.java
D:\tourism system\springboot\src\main\java\org\example\springboot\service\AccommodationOrderService.java
D:\tourism system\springboot\src\main\java\org\example\springboot\service\AccommodationReviewService.java
D:\tourism system\springboot\src\main\java\org\example\springboot\service\AccommodationService.java
D:\tourism system\springboot\src\main\java\org\example\springboot\service\AiChatSessionService.java
D:\tourism system\springboot\src\main\java\org\example\springboot\service\AlipayService.java
D:\tourism system\springboot\src\main\java\org\example\springboot\service\BusinessLicenseService.java
D:\tourism system\springboot\src\main\java\org\example\springboot\service\CarouselService.java
D:\tourism system\springboot\src\main\java\org\example\springboot\service\CollaborativeFilteringService.java
D:\tourism system\springboot\src\main\java\org\example\springboot\service\CollectionService.java
D:\tourism system\springboot\src\main\java\org\example\springboot\service\CommentLikeService.java
D:\tourism system\springboot\src\main\java\org\example\springboot\service\CommentService.java
D:\tourism system\springboot\src\main\java\org\example\springboot\service\EmailService.java
D:\tourism system\springboot\src\main\java\org\example\springboot\service\FileService.java
D:\tourism system\springboot\src\main\java\org\example\springboot\service\impl\AccommodationCollectionServiceImpl.java
D:\tourism system\springboot\src\main\java\org\example\springboot\service\impl\AccommodationOrderServiceImpl.java
D:\tourism system\springboot\src\main\java\org\example\springboot\service\impl\CarouselServiceImpl.java
D:\tourism system\springboot\src\main\java\org\example\springboot\service\impl\NotificationServiceImpl.java
D:\tourism system\springboot\src\main\java\org\example\springboot\service\impl\RestaurantOrderServiceImpl.java
D:\tourism system\springboot\src\main\java\org\example\springboot\service\impl\RestaurantReviewServiceImpl.java
D:\tourism system\springboot\src\main\java\org\example\springboot\service\impl\RestaurantServiceImpl.java
D:\tourism system\springboot\src\main\java\org\example\springboot\service\impl\StatisticsServiceImpl.java
D:\tourism system\springboot\src\main\java\org\example\springboot\service\impl\TagTypeServiceImpl.java
D:\tourism system\springboot\src\main\java\org\example\springboot\service\impl\UnifiedOrderServiceImpl.java
D:\tourism system\springboot\src\main\java\org\example\springboot\service\NotificationService.java
D:\tourism system\springboot\src\main\java\org\example\springboot\service\RecommendationResultService.java
D:\tourism system\springboot\src\main\java\org\example\springboot\service\RestaurantOrderService.java
D:\tourism system\springboot\src\main\java\org\example\springboot\service\RestaurantReviewService.java
D:\tourism system\springboot\src\main\java\org\example\springboot\service\RestaurantService.java
D:\tourism system\springboot\src\main\java\org\example\springboot\service\ScenicCategoryService.java
D:\tourism system\springboot\src\main\java\org\example\springboot\service\ScenicCollectionService.java
D:\tourism system\springboot\src\main\java\org\example\springboot\service\ScenicSpotService.java
D:\tourism system\springboot\src\main\java\org\example\springboot\service\StatisticsService.java
D:\tourism system\springboot\src\main\java\org\example\springboot\service\TagTypeService.java
D:\tourism system\springboot\src\main\java\org\example\springboot\service\TicketOrderService.java
D:\tourism system\springboot\src\main\java\org\example\springboot\service\TicketService.java
D:\tourism system\springboot\src\main\java\org\example\springboot\service\TravelGuideService.java
D:\tourism system\springboot\src\main\java\org\example\springboot\service\UnifiedOrderService.java
D:\tourism system\springboot\src\main\java\org\example\springboot\service\UserDetailServiceImpl.java
D:\tourism system\springboot\src\main\java\org\example\springboot\service\UserService.java
D:\tourism system\springboot\src\main\java\org\example\springboot\SpringbootApplication.java
D:\tourism system\springboot\src\main\java\org\example\springboot\util\DateUtils.java
D:\tourism system\springboot\src\main\java\org\example\springboot\util\FileUtil.java
D:\tourism system\springboot\src\main\java\org\example\springboot\util\JwtTokenUtils.java
D:\tourism system\springboot\src\main\java\org\example\springboot\util\RedisLockUtil.java
D:\tourism system\springboot\src\main\java\org\example\springboot\util\RedisUtil.java
